PetscSF Object: sf_0 2 MPI processes
  type: basic
  rank #leaves #roots
  [ 0]       2      1
  [ 1]       2      1
  leaves      roots       roots in global numbering
  ( 0,  0) <- ( 0,  0)  =   0
  ( 0,  3) <- ( 1,  0)  =   1
  ( 1,  0) <- ( 0,  0)  =   0
  ( 1,  3) <- ( 1,  0)  =   1
PetscSF Object: sf_1 2 MPI processes
  type: basic
  rank #leaves #roots
  [ 0]       2      1
  [ 1]       2      1
  leaves      roots       roots in global numbering
  ( 0,  0) <- ( 0,  0)  =   0
  ( 0,  3) <- ( 1,  0)  =   1
  ( 1,  0) <- ( 0,  0)  =   0
  ( 1,  3) <- ( 1,  0)  =   1
PetscSF Object: sf_2 2 MPI processes
  type: basic
  rank #leaves #roots
  [ 0]       2      1
  [ 1]       2      1
  leaves      roots       roots in global numbering
  ( 0,  0) <- ( 0,  0)  =   0
  ( 0,  3) <- ( 1,  0)  =   1
  ( 1,  0) <- ( 0,  0)  =   0
  ( 1,  3) <- ( 1,  0)  =   1
rootMode = global:
PetscSF Object: result_sf 2 MPI processes
  type: basic
  rank #leaves #roots
  [ 0]       6      3
  [ 1]       6      3
  leaves      roots       roots in global numbering
  ( 0,  0) <- ( 0,  0)  =   0
  ( 0,  3) <- ( 0,  1)  =   1
  ( 0,  6) <- ( 0,  2)  =   2
  ( 0,  9) <- ( 1,  0)  =   3
  ( 0, 12) <- ( 1,  1)  =   4
  ( 0, 15) <- ( 1,  2)  =   5
  ( 1,  0) <- ( 0,  0)  =   0
  ( 1,  3) <- ( 0,  1)  =   1
  ( 1,  6) <- ( 0,  2)  =   2
  ( 1,  9) <- ( 1,  0)  =   3
  ( 1, 12) <- ( 1,  1)  =   4
  ( 1, 15) <- ( 1,  2)  =   5
