PetscSF Object: sf_0 2 MPI processes
  type: basic
  rank #leaves #roots
  [ 0]       2      1
  [ 1]       2      1
  leaves      roots       roots in global numbering
  ( 0,  0) <- ( 0,  0)  =   0
  ( 0,  1) <- ( 1,  0)  =   1
  ( 1,  0) <- ( 0,  0)  =   0
  ( 1,  1) <- ( 1,  0)  =   1
PetscSF Object: sf_1 2 MPI processes
  type: basic
  rank #leaves #roots
  [ 0]       2      1
  [ 1]       2      1
  leaves      roots       roots in global numbering
  ( 0,  0) <- ( 0,  0)  =   0
  ( 0,  1) <- ( 1,  0)  =   1
  ( 1,  0) <- ( 0,  0)  =   0
  ( 1,  1) <- ( 1,  0)  =   1
PetscSF Object: sf_2 2 MPI processes
  type: basic
  rank #leaves #roots
  [ 0]       2      1
  [ 1]       2      1
  leaves      roots       roots in global numbering
  ( 0,  0) <- ( 0,  0)  =   0
  ( 0,  1) <- ( 1,  0)  =   1
  ( 1,  0) <- ( 0,  0)  =   0
  ( 1,  1) <- ( 1,  0)  =   1
rootMode = shared:
PetscSF Object: result_sf 2 MPI processes
  type: basic
  rank #leaves #roots
  [ 0]       6      1
  [ 1]       6      1
  leaves      roots       roots in global numbering
  ( 0,  0) <- ( 0,  0)  =   0
  ( 0,  1) <- ( 1,  0)  =   1
  ( 0,  2) <- ( 0,  0)  =   0
  ( 0,  3) <- ( 1,  0)  =   1
  ( 0,  4) <- ( 0,  0)  =   0
  ( 0,  5) <- ( 1,  0)  =   1
  ( 1,  0) <- ( 0,  0)  =   0
  ( 1,  1) <- ( 1,  0)  =   1
  ( 1,  2) <- ( 0,  0)  =   0
  ( 1,  3) <- ( 1,  0)  =   1
  ( 1,  4) <- ( 0,  0)  =   0
  ( 1,  5) <- ( 1,  0)  =   1
