#PETSc Option Table entries:
-abc # (source: code)
-options_left 0 # (source: command line)
-skip_petscrc # (source: command line)
#End of PETSc Option Table entries
