SIEVES:
[ 2, 3, 5, 7, 9, 11, 13, 15, 17, 19, 21, 23,]
[ 2, 3, 4, 5, 7, 8, 10, 11, 13, 14, 16, 17, 19, 20, 22, 23,]
INTERSECTION:
[ 2, 3, 5, 7, 11, 13, 17, 19, 23,]
[ 2, 3, 5, 7, 11, 13, 17, 19, 23,]
TRUTH:
[ 2, 3, 5, 7, 11, 13, 17, 19, 23,]
[ 2, 3, 5, 7, 11, 13, 17, 19, 23,]
ALL PASSED
