[0] <mat> MatAssemblyEnd_SeqAIJ(): Number of mallocs during MatSetValues() is 0
[0] <mat> MatAssemblyEnd_SeqAIJ(): Number of mallocs during MatSetValues() is 0
