Setting option: options_monitor (no value) (source: command line)
Setting option: options_monitor_cancel = 1 (source: command line)
Setting option: skip_petscrc = 0 (source: command line)
Setting option: option_in_file_1 (no value) (source: file)
Setting option: alias_opt = option_in_file_2_val (source: file)
Setting option: alias_opt = alias_val (source: file)
Setting option: dot_petscrc_option1 = dot_petscrc_option1_val (source: file)
Setting option: dot_petscrc_option2 (no value) (source: file)
Setting option: petscrc_option1 = petscrc_option1_val (source: file)
Setting option: petscrc_option2 (no value) (source: file)
Setting option: options_view (no value) (source: command line)
Setting option: options_monitor_viewer = ascii (source: command line)
Setting option: option_cmd_1 = option_cmd_1_val (source: command line)
Setting option: option_cmd_2 (no value) (source: command line)
Setting option: option1 = 1 (source: code)
Setting option: option2 (no value) (source: code)
Setting option: option3 = value3 (source: code)
Setting option: option4 = value4 (source: code)
Setting option: option5 (no value) (source: code)
#PETSc Option Table entries:
-alias_opt alias_val # (source: file)
-dot_petscrc_option1 dot_petscrc_option1_val # (source: file)
-dot_petscrc_option2 # (source: file)
-option1 1 # (source: code)
-option2 # (source: code)
-option3 value3 # (source: code)
-option4 value4 # (source: code)
-option5 # (source: code)
-option_cmd_1 option_cmd_1_val # (source: command line)
-option_cmd_2 # (source: command line)
-option_in_file_1 # (source: file)
-options_monitor # (source: command line)
-options_monitor_cancel 1 # (source: command line)
-options_monitor_viewer ascii # (source: command line)
-options_view # (source: command line)
-petscrc_option1 petscrc_option1_val # (source: file)
-petscrc_option2 # (source: file)
-skip_petscrc 0 # (source: command line)
#End of PETSc Option Table entries
