[0] p 0 (+0.4619,+0.1913) r=0.50 th=0.125*pi cellid=0
[0] p 0 (+0.1913,+0.4619) r=0.50 th=0.375*pi cellid=0
[0] p 0 (-0.1913,+0.4619) r=0.50 th=0.625*pi cellid=0
[0] p 0 (-0.4619,+0.1913) r=0.50 th=0.875*pi cellid=0
[0] p 0 (-0.4619,-0.1913) r=0.50 th=-0.875*pi cellid=0
[0] p 0 (-0.1913,-0.4619) r=0.50 th=-0.625*pi cellid=0
[0] p 0 (+0.1913,-0.4619) r=0.50 th=-0.375*pi cellid=0
[0] p 0 (+0.4619,-0.1913) r=0.50 th=-0.125*pi cellid=0

... calling DMSwarmMigrate ...

[0] p 0 (+0.4619,+0.1913) r=0.50 th=0.125*pi cellid=5
[0] p 0 (+0.1913,+0.4619) r=0.50 th=0.375*pi cellid=7
[0] p 0 (-0.1913,+0.4619) r=0.50 th=0.625*pi cellid=7
[0] p 0 (-0.4619,+0.1913) r=0.50 th=0.875*pi cellid=3
[0] p 0 (-0.4619,-0.1913) r=0.50 th=-0.875*pi cellid=3
[0] p 0 (-0.1913,-0.4619) r=0.50 th=-0.625*pi cellid=1
[0] p 0 (+0.1913,-0.4619) r=0.50 th=-0.375*pi cellid=1
[0] p 0 (+0.4619,-0.1913) r=0.50 th=-0.125*pi cellid=5
