
SVD of low-rank matrix, size 80x40, rank 3

 All requested singular values computed up to the required tolerance:
     27.61400, 6.54257

