Mat Object: 1 MPI process
  type: lmvmbadbroyden
  Max. storage: 5
  Used storage: 0
  Number of updates: 0
  Number of rejects: 0
  Number of resets: 0
Mat Object: 1 MPI process
  type: lmvmbadbroyden
  Max. storage: 5
  Used storage: 1
  Number of updates: 1
  Number of rejects: 0
  Number of resets: 0
Mat Object: 1 MPI process
  type: lmvmbadbroyden
  Max. storage: 5
  Used storage: 2
  Number of updates: 2
  Number of rejects: 0
  Number of resets: 0
Mat Object: 1 MPI process
  type: lmvmbadbroyden
  Max. storage: 5
  Used storage: 3
  Number of updates: 3
  Number of rejects: 0
  Number of resets: 0
Mat Object: 1 MPI process
  type: lmvmbadbroyden
  Max. storage: 5
  Used storage: 4
  Number of updates: 4
  Number of rejects: 0
  Number of resets: 0
Mat Object: 1 MPI process
  type: lmvmbadbroyden
  Max. storage: 5
  Used storage: 5
  Number of updates: 5
  Number of rejects: 0
  Number of resets: 0
Mat Object: 1 MPI process
  type: lmvmbadbroyden
  Max. storage: 5
  Used storage: 5
  Number of updates: 6
  Number of rejects: 0
  Number of resets: 0
Mat Object: 1 MPI process
  type: lmvmbadbroyden
  Max. storage: 5
  Used storage: 5
  Number of updates: 7
  Number of rejects: 0
  Number of resets: 0
Mat Object: 1 MPI process
  type: lmvmbadbroyden
  Max. storage: 5
  Used storage: 5
  Number of updates: 8
  Number of rejects: 0
  Number of resets: 0
Mat Object: 1 MPI process
  type: lmvmbadbroyden
  Max. storage: 5
  Used storage: 5
  Number of updates: 9
  Number of rejects: 0
  Number of resets: 0
