[0] <mat> MatAssemblyEnd_SeqSBAIJ(): Number of mallocs during MatSetValues is 0
[0] <mat> MatAssemblyEnd_SeqSBAIJ(): Number of mallocs during MatSetValues is 0
