Setting option: version (no value) (source: file)
See https://petsc.org/release/changes for recent updates.
See https://petsc.org/release/faq for problems.
See https://petsc.org/release/manualpages for help.
-version # (source: file)
