DM Object: Mesh 1 MPI process
  type: plex
Mesh in 3 dimensions:
  Number of 0-cells per rank: 27
  Number of 1-cells per rank: 98
  Number of 2-cells per rank: 120
  Number of 3-cells per rank: 48
Labels:
  marker: 1 strata with value/size (1 (146))
  celltype: 4 strata with value/size (0 (27), 6 (48), 3 (120), 1 (98))
  depth: 4 strata with value/size (0 (27), 1 (98), 2 (120), 3 (48))
DM Object: Particles 1 MPI process
  type: swarm
Particles in 3 dimensions:
  Number of particles per rank: 192
Projected L2 Error: 1.35163e-15
