DM Object: box 1 MPI process
  type: plex
box in 2 dimensions:
  Number of 0-cells per rank: 121
  Number of 1-cells per rank: 220
  Number of 2-cells per rank: 100
Labels:
  marker: 1 strata with value/size (1 (80))
  Face Sets: 4 strata with value/size (4 (10), 2 (10), 1 (10), 3 (10))
  depth: 3 strata with value/size (0 (121), 1 (220), 2 (100))
  celltype: 3 strata with value/size (4 (100), 0 (121), 1 (220))
Time     Step Part     Energy
0.000000    0     0   500.0000
0.000000    0     1   500.0000
0.000000    0     2   500.0000
0.000000    0     3   500.0000
0.000000    0     4   500.0000
0.000000    0     5   250.0000
0.000000    0     6   250.0000
0.000000    0     7   250.0000
0.000000    0     8   250.0000
0.000000    0     9   250.0000
0.000000    0 KE	     3750.0000
0.000000    0 PE	    23.96177277
0.000000    0 E	     3773.9618
t 0.01: p0 error [3.6e-05 0.0073] sol [(0.950451 0.310990) (-9.827177 30.056800)] exact [(0.950415 0.310984) (-9.834165 30.054770)] energy/exact energy 499.992 / 500. (0.0015349641%)
t 0.01: p1 error [3.6e-05 0.0073] sol [(-0.002064 1.000033) (-31.622480 -0.058139)] exact [(-0.002068 0.999998) (-31.622709 -0.065412)] energy/exact energy 499.992 / 500. (0.0015349641%)
t 0.01: p2 error [3.6e-05 0.0073] sol [(-0.951726 0.307065) (-9.716591 -30.092732)] exact [(-0.951694 0.307049) (-9.709744 -30.095197)] energy/exact energy 499.992 / 500. (0.0015349641%)
t 0.01: p3 error [3.6e-05 0.0073] sol [(-0.586135 -0.810257) (25.617297 -18.540192)] exact [(-0.586111 -0.810231) (25.621757 -18.534443)] energy/exact energy 499.992 / 500. (0.0015349641%)
t 0.01: p4 error [3.6e-05 0.0073] sol [(0.589475 -0.807831) (25.548951 18.634263)] exact [(0.589457 -0.807799) (25.544861 18.640281)] energy/exact energy 499.992 / 500. (0.0015349641%)
t 0.01: p5 error [0.0001 0.02] sol [(1.987615 0.223143) (-2.474615 22.221582)] exact [(1.987513 0.223141) (-2.494795 22.221071)] energy/exact energy 249.961 / 250. (0.0155115983%)
t 0.01: p6 error [0.0001 0.02] sol [(0.401985 1.959289) (-21.898679 4.513348)] exact [(0.401955 1.959192) (-21.904428 4.493998)] energy/exact energy 249.961 / 250. (0.0155115983%)
t 0.01: p7 error [0.0001 0.02] sol [(-1.739174 0.987764) (-11.059513 -19.432180)] exact [(-1.739091 0.987706) (-11.042886 -19.443628)] energy/exact energy 249.961 / 250. (0.0155115983%)
t 0.01: p8 error [0.0001 0.02] sol [(-1.476854 -1.348817) (15.063524 -16.523095)] exact [(-1.476773 -1.348756) (15.079549 -16.510820)] energy/exact energy 249.961 / 250. (0.0155115983%)
t 0.01: p9 error [0.0001 0.02] sol [(0.826428 -1.821379) (20.369282 9.220346)] exact [(0.826395 -1.821283) (20.362560 9.239380)] energy/exact energy 249.961 / 250. (0.0155115983%)
Time     Step Part     Energy
0.000000    0     0   500.0000
0.000000    0     1   500.0000
0.000000    0     2   500.0000
0.000000    0     3   500.0000
0.000000    0     4   500.0000
0.000000    0     5   250.0000
0.000000    0     6   250.0000
0.000000    0     7   250.0000
0.000000    0     8   250.0000
0.000000    0     9   250.0000
0.000000    0 KE	     3750.0000
0.000000    0 PE	    23.96177277
0.000000    0 E	     3773.9618
t 0.01: p0 error [3.6e-05 0.0073] sol [(0.950450 0.310991) (-9.827171 30.056917)] exact [(0.950415 0.310984) (-9.834165 30.054770)] energy/exact energy 499.996 / 500. (0.0008422659%)
t 0.01: p1 error [3.6e-05 0.0073] sol [(-0.002064 1.000033) (-31.622590 -0.058097)] exact [(-0.002068 0.999998) (-31.622709 -0.065412)] energy/exact energy 499.996 / 500. (0.0008422659%)
t 0.01: p2 error [3.6e-05 0.0073] sol [(-0.951726 0.307064) (-9.716664 -30.092823)] exact [(-0.951694 0.307049) (-9.709744 -30.095197)] energy/exact energy 499.996 / 500. (0.0008422659%)
t 0.01: p3 error [3.6e-05 0.0073] sol [(-0.586135 -0.810257) (25.617361 -18.540291)] exact [(-0.586111 -0.810231) (25.621757 -18.534443)] energy/exact energy 499.996 / 500. (0.0008422659%)
t 0.01: p4 error [3.6e-05 0.0073] sol [(0.589475 -0.807831) (25.549064 18.634293)] exact [(0.589457 -0.807799) (25.544861 18.640281)] energy/exact energy 499.996 / 500. (0.0008422659%)
t 0.01: p5 error [0.0001 0.02] sol [(1.987615 0.223143) (-2.474633 22.221613)] exact [(1.987513 0.223141) (-2.494795 22.221071)] energy/exact energy 249.962 / 250. (0.0152235557%)
t 0.01: p6 error [0.0001 0.02] sol [(0.401985 1.959289) (-21.898713 4.513340)] exact [(0.401955 1.959192) (-21.904428 4.493998)] energy/exact energy 249.962 / 250. (0.0152235557%)
t 0.01: p7 error [0.0001 0.02] sol [(-1.739174 0.987764) (-11.059516 -19.432215)] exact [(-1.739091 0.987706) (-11.042886 -19.443628)] energy/exact energy 249.962 / 250. (0.0152235557%)
t 0.01: p8 error [0.0001 0.02] sol [(-1.476854 -1.348817) (15.063557 -16.523109)] exact [(-1.476773 -1.348756) (15.079549 -16.510820)] energy/exact energy 249.962 / 250. (0.0152235557%)
t 0.01: p9 error [0.0001 0.02] sol [(0.826428 -1.821379) (20.369306 9.220372)] exact [(0.826395 -1.821283) (20.362560 9.239380)] energy/exact energy 249.962 / 250. (0.0152235557%)
Time     Step Part     Energy
0.000000    0     0   500.0000
0.000000    0     1   500.0000
0.000000    0     2   500.0000
0.000000    0     3   500.0000
0.000000    0     4   500.0000
0.000000    0     5   250.0000
0.000000    0     6   250.0000
0.000000    0     7   250.0000
0.000000    0     8   250.0000
0.000000    0     9   250.0000
0.000000    0 KE	     3750.0000
0.000000    0 PE	    23.96177277
0.000000    0 E	     3773.9618
t 0.01: p0 error [3.6e-05 0.0073] sol [(0.950450 0.310991) (-9.827168 30.056973)] exact [(0.950415 0.310984) (-9.834165 30.054770)] energy/exact energy 499.997 / 500. (0.0005138670%)
t 0.01: p1 error [3.6e-05 0.0073] sol [(-0.002065 1.000033) (-31.622642 -0.058077)] exact [(-0.002068 0.999998) (-31.622709 -0.065412)] energy/exact energy 499.997 / 500. (0.0005138670%)
t 0.01: p2 error [3.6e-05 0.0073] sol [(-0.951726 0.307064) (-9.716699 -30.092866)] exact [(-0.951694 0.307049) (-9.709744 -30.095197)] energy/exact energy 499.997 / 500. (0.0005138670%)
t 0.01: p3 error [3.6e-05 0.0073] sol [(-0.586135 -0.810258) (25.617391 -18.540338)] exact [(-0.586111 -0.810231) (25.621757 -18.534443)] energy/exact energy 499.997 / 500. (0.0005138670%)
t 0.01: p4 error [3.6e-05 0.0073] sol [(0.589475 -0.807831) (25.549118 18.634308)] exact [(0.589457 -0.807799) (25.544861 18.640281)] energy/exact energy 499.997 / 500. (0.0005138670%)
t 0.01: p5 error [0.0001 0.02] sol [(1.987615 0.223143) (-2.474643 22.221628)] exact [(1.987513 0.223141) (-2.494795 22.221071)] energy/exact energy 249.962 / 250. (0.0150789674%)
t 0.01: p6 error [0.0001 0.02] sol [(0.401985 1.959289) (-21.898731 4.513336)] exact [(0.401955 1.959192) (-21.904428 4.493998)] energy/exact energy 249.962 / 250. (0.0150789674%)
t 0.01: p7 error [0.0001 0.02] sol [(-1.739174 0.987764) (-11.059517 -19.432233)] exact [(-1.739091 0.987706) (-11.042886 -19.443628)] energy/exact energy 249.962 / 250. (0.0150789674%)
t 0.01: p8 error [0.0001 0.02] sol [(-1.476854 -1.348817) (15.063573 -16.523116)] exact [(-1.476773 -1.348756) (15.079549 -16.510820)] energy/exact energy 249.962 / 250. (0.0150789674%)
t 0.01: p9 error [0.0001 0.02] sol [(0.826428 -1.821379) (20.369317 9.220386)] exact [(0.826395 -1.821283) (20.362560 9.239380)] energy/exact energy 249.962 / 250. (0.0150789674%)
L_2 convergence rate: 0.00016
Time     Step Part     Energy
0.000000    0     0   500.0000
0.000000    0     1   500.0000
0.000000    0     2   500.0000
0.000000    0     3   500.0000
0.000000    0     4   500.0000
0.000000    0     5   250.0000
0.000000    0     6   250.0000
0.000000    0     7   250.0000
0.000000    0     8   250.0000
0.000000    0     9   250.0000
0.000000    0 KE	     3750.0000
0.000000    0 PE	    23.96177277
0.000000    0 E	     3773.9618
