DM Object: box 1 MPI process
  type: plex
box in 2 dimensions:
  Number of 0-cells per rank: 121
  Number of 1-cells per rank: 220
  Number of 2-cells per rank: 100
Labels:
  marker: 1 strata with value/size (1 (80))
  Face Sets: 4 strata with value/size (4 (10), 2 (10), 1 (10), 3 (10))
  depth: 3 strata with value/size (0 (121), 1 (220), 2 (100))
  celltype: 3 strata with value/size (4 (100), 0 (121), 1 (220))
Time     Step Part     Energy
0.000000    0     0   500.0000
0.000000    0     1   500.0000
0.000000    0     2   500.0000
0.000000    0     3   500.0000
0.000000    0     4   500.0000
0.000000    0     5   250.0000
0.000000    0     6   250.0000
0.000000    0     7   250.0000
0.000000    0     8   250.0000
0.000000    0     9   250.0000
0.000000    0 KE	     3750.0000
0.000000    0 PE	    23.96177277
0.000000    0 E	     3773.9618
t 0.1: p0 error [0.011 0.39] sol [(-0.999146 -0.032068) (1.040010 -31.605259)] exact [(-0.999786 -0.020684) (0.654071 -31.616012)] energy/exact energy 499.987 / 500. (0.0026004974%)
t 0.1: p1 error [0.011 0.39] sol [(-0.278254 -0.960154) (30.379768 -8.777454)] exact [(-0.289280 -0.957245) (30.270733 -9.147827)] energy/exact energy 499.987 / 500. (0.0026004974%)
t 0.1: p2 error [0.011 0.39] sol [(0.827175 -0.561339) (17.735719 26.180494)] exact [(0.821001 -0.570926) (18.054271 25.962344)] energy/exact energy 499.987 / 500. (0.0026004974%)
t 0.1: p3 error [0.011 0.39] sol [(0.789477 0.613227) (-19.418491 24.957889)] exact [(0.796686 0.604393) (-19.112580 25.193438)] energy/exact energy 499.987 / 500. (0.0026004974%)
t 0.1: p4 error [0.011 0.39] sol [(-0.339252 0.940335) (-29.737006 -10.755670)] exact [(-0.328622 0.944461) (-29.866495 -10.391943)] energy/exact energy 499.987 / 500. (0.0026004974%)
t 0.1: p5 error [0.0068 0.11] sol [(0.881727 1.798778) (-20.021385 9.846567)] exact [(0.874902 1.798484) (-20.107666 9.781706)] energy/exact energy 248.905 / 250. (0.4378505543%)
t 0.1: p6 error [0.0068 0.11] sol [(-1.438271 1.394425) (-15.551590 -15.998712)] exact [(-1.440100 1.387844) (-15.516566 -16.100813)] energy/exact energy 248.905 / 250. (0.4378505543%)
t 0.1: p7 error [0.0068 0.11] sol [(-1.770628 -0.936976) (10.409974 -19.734315)] exact [(-1.764933 -0.940750) (10.517900 -19.732556)] energy/exact energy 248.905 / 250. (0.4378505543%)
t 0.1: p8 error [0.0068 0.11] sol [(0.343963 -1.973508) (21.985308 3.802235)] exact [(0.349312 -1.969259) (22.016986 3.905423)] energy/exact energy 248.905 / 250. (0.4378505543%)
t 0.1: p9 error [0.0068 0.11] sol [(1.983208 -0.282719) (3.177694 22.084225)] exact [(1.980820 -0.276319) (3.089345 22.146240)] energy/exact energy 248.905 / 250. (0.4378505543%)
Time     Step Part     Energy
0.000000    0     0   500.0000
0.000000    0     1   500.0000
0.000000    0     2   500.0000
0.000000    0     3   500.0000
0.000000    0     4   500.0000
0.000000    0     5   250.0000
0.000000    0     6   250.0000
0.000000    0     7   250.0000
0.000000    0     8   250.0000
0.000000    0     9   250.0000
0.000000    0 KE	     3750.0000
0.000000    0 PE	    23.96177277
0.000000    0 E	     3773.9618
t 0.1: p0 error [0.0018 0.057] sol [(-0.999531 -0.022440) (0.711469 -31.618019)] exact [(-0.999786 -0.020684) (0.654071 -31.616012)] energy/exact energy 500.103 / 500. (0.0205320925%)
t 0.1: p1 error [0.0018 0.057] sol [(-0.287530 -0.957545) (30.290379 -9.093858)] exact [(-0.289280 -0.957245) (30.270733 -9.147827)] energy/exact energy 500.103 / 500. (0.0205320925%)
t 0.1: p2 error [0.0018 0.057] sol [(0.821827 -0.569355) (18.009015 25.997706)] exact [(0.821001 -0.570926) (18.054271 25.962344)] energy/exact energy 500.103 / 500. (0.0205320925%)
t 0.1: p3 error [0.0018 0.057] sol [(0.795448 0.605664) (-19.160196 25.161324)] exact [(0.796686 0.604393) (-19.112580 25.193438)] energy/exact energy 500.103 / 500. (0.0205320925%)
t 0.1: p4 error [0.0018 0.057] sol [(-0.330214 0.943676) (-29.850667 -10.447152)] exact [(-0.328622 0.944461) (-29.866495 -10.391943)] energy/exact energy 500.103 / 500. (0.0205320925%)
t 0.1: p5 error [0.0078 0.14] sol [(0.882410 1.800713) (-19.996192 9.858733)] exact [(0.874902 1.798484) (-20.107666 9.781706)] energy/exact energy 248.521 / 250. (0.5915386364%)
t 0.1: p6 error [0.0078 0.14] sol [(-1.439900 1.395673) (-15.555376 -15.970992)] exact [(-1.440100 1.387844) (-15.516566 -16.100813)] energy/exact energy 248.521 / 250. (0.5915386364%)
t 0.1: p7 error [0.0078 0.14] sol [(-1.772317 -0.938140) (10.382441 -19.729349)] exact [(-1.764933 -0.940750) (10.517900 -19.732556)] energy/exact energy 248.521 / 250. (0.5915386364%)
t 0.1: p8 error [0.0078 0.14] sol [(0.344548 -1.975475) (21.972077 3.777584)] exact [(0.349312 -1.969259) (22.016986 3.905423)] energy/exact energy 248.521 / 250. (0.5915386364%)
t 0.1: p9 error [0.0078 0.14] sol [(1.985259 -0.282771) (3.197050 22.064025)] exact [(1.980820 -0.276319) (3.089345 22.146240)] energy/exact energy 248.521 / 250. (0.5915386364%)
Time     Step Part     Energy
0.000000    0     0   500.0000
0.000000    0     1   500.0000
0.000000    0     2   500.0000
0.000000    0     3   500.0000
0.000000    0     4   500.0000
0.000000    0     5   250.0000
0.000000    0     6   250.0000
0.000000    0     7   250.0000
0.000000    0     8   250.0000
0.000000    0     9   250.0000
0.000000    0 KE	     3750.0000
0.000000    0 PE	    23.96177277
0.000000    0 E	     3773.9618
t 0.1: p0 error [0.00067 0.024] sol [(-0.999642 -0.020034) (0.630824 -31.621492)] exact [(-0.999786 -0.020684) (0.654071 -31.616012)] energy/exact energy 500.158 / 500. (0.0316663776%)
t 0.1: p1 error [0.00067 0.024] sol [(-0.289853 -0.956907) (30.268761 -9.171629)] exact [(-0.289280 -0.957245) (30.270733 -9.147827)] energy/exact energy 500.158 / 500. (0.0316663776%)
t 0.1: p2 error [0.00067 0.024] sol [(0.820503 -0.571367) (18.076299 25.953113)] exact [(0.821001 -0.570926) (18.054271 25.962344)] energy/exact energy 500.158 / 500. (0.0316663776%)
t 0.1: p3 error [0.00067 0.024] sol [(0.796952 0.603783) (-19.096994 25.211535)] exact [(0.796686 0.604393) (-19.112580 25.193438)] energy/exact energy 500.158 / 500. (0.0316663776%)
t 0.1: p4 error [0.00067 0.024] sol [(-0.327960 0.944525) (-29.878890 -10.371528)] exact [(-0.328622 0.944461) (-29.866495 -10.391943)] energy/exact energy 500.158 / 500. (0.0316663776%)
t 0.1: p5 error [0.0081 0.14] sol [(0.882551 1.801248) (-19.990615 9.862558)] exact [(0.874902 1.798484) (-20.107666 9.781706)] energy/exact energy 248.447 / 250. (0.6210538126%)
t 0.1: p6 error [0.0081 0.14] sol [(-1.440365 1.395973) (-15.557290 -15.964506)] exact [(-1.440100 1.387844) (-15.516566 -16.100813)] energy/exact energy 248.447 / 250. (0.6210538126%)
t 0.1: p7 error [0.0081 0.14] sol [(-1.772746 -0.938490) (10.375681 -19.729166)] exact [(-1.764933 -0.940750) (10.517900 -19.732556)] energy/exact energy 248.447 / 250. (0.6210538126%)
t 0.1: p8 error [0.0081 0.14] sol [(0.344748 -1.975991) (21.969813 3.771211)] exact [(0.349312 -1.969259) (22.016986 3.905423)] energy/exact energy 248.447 / 250. (0.6210538126%)
t 0.1: p9 error [0.0081 0.14] sol [(1.985812 -0.282740) (3.202410 22.059903)] exact [(1.980820 -0.276319) (3.089345 22.146240)] energy/exact energy 248.447 / 250. (0.6210538126%)
L_2 convergence rate: 0.74
Time     Step Part     Energy
0.000000    0     0   500.0000
0.000000    0     1   500.0000
0.000000    0     2   500.0000
0.000000    0     3   500.0000
0.000000    0     4   500.0000
0.000000    0     5   250.0000
0.000000    0     6   250.0000
0.000000    0     7   250.0000
0.000000    0     8   250.0000
0.000000    0     9   250.0000
0.000000    0 KE	     3750.0000
0.000000    0 PE	    23.96177277
0.000000    0 E	     3773.9618
