DM Object: box 1 MPI process
  type: plex
box in 2 dimensions:
  Number of 0-cells per rank: 121
  Number of 1-cells per rank: 220
  Number of 2-cells per rank: 100
Labels:
  marker: 1 strata with value/size (1 (80))
  Face Sets: 4 strata with value/size (4 (10), 2 (10), 1 (10), 3 (10))
  depth: 3 strata with value/size (0 (121), 1 (220), 2 (100))
  celltype: 3 strata with value/size (4 (100), 0 (121), 1 (220))
Time     Step Part     Energy
0.000000    0     0   500.0000
0.000000    0     1   500.0000
0.000000    0     2   500.0000
0.000000    0     3   500.0000
0.000000    0     4   500.0000
0.000000    0     5   250.0000
0.000000    0     6   250.0000
0.000000    0     7   250.0000
0.000000    0     8   250.0000
0.000000    0     9   250.0000
0.000000    0 KE	     3750.0000
0.000000    0 PE	    23.96177277
0.000000    0 E	     3773.9618
t 0.1: p0 error [0.014 0.42] sol [(-0.993933 -0.033345) (1.039384 -31.789163)] exact [(-0.999786 -0.020684) (0.654071 -31.616012)] energy/exact energy 505.816 / 500. (1.1631173182%)
t 0.1: p1 error [0.014 0.42] sol [(-0.275430 -0.955591) (30.554478 -8.834878)] exact [(-0.289280 -0.957245) (30.270733 -9.147827)] energy/exact energy 505.816 / 500. (1.1631173182%)
t 0.1: p2 error [0.014 0.42] sol [(0.823708 -0.557243) (17.844321 26.328908)] exact [(0.821001 -0.570926) (18.054271 25.962344)] energy/exact energy 505.816 / 500. (1.1631173182%)
t 0.1: p3 error [0.014 0.42] sol [(0.784509 0.611196) (-19.526081 25.107038)] exact [(0.796686 0.604393) (-19.112580 25.193438)] energy/exact energy 505.816 / 500. (1.1631173182%)
t 0.1: p4 error [0.014 0.42] sol [(-0.338855 0.934983) (-29.912103 -10.811905)] exact [(-0.328622 0.944461) (-29.866495 -10.391943)] energy/exact energy 505.816 / 500. (1.1631173182%)
t 0.1: p5 error [0.093 1.2] sol [(0.781977 1.805160) (-20.012816 10.980950)] exact [(0.874902 1.798484) (-20.107666 9.781706)] energy/exact energy 260.547 / 250. (4.2188156882%)
t 0.1: p6 error [0.093 1.2] sol [(-1.475165 1.301529) (-16.627804 -15.640019)] exact [(-1.440100 1.387844) (-15.516566 -16.100813)] energy/exact energy 260.547 / 250. (4.2188156882%)
t 0.1: p7 error [0.093 1.2] sol [(-1.693679 -1.000770) (9.736268 -20.647013)] exact [(-1.764933 -0.940750) (10.517900 -19.732556)] energy/exact energy 260.547 / 250. (4.2188156882%)
t 0.1: p8 error [0.093 1.2] sol [(0.428414 -1.920039) (22.645149 2.879463)] exact [(0.349312 -1.969259) (22.016986 3.905423)] energy/exact energy 260.547 / 250. (4.2188156882%)
t 0.1: p9 error [0.093 1.2] sol [(1.958453 -0.185879) (4.259204 22.426619)] exact [(1.980820 -0.276319) (3.089345 22.146240)] energy/exact energy 260.547 / 250. (4.2188156882%)
Time     Step Part     Energy
0.000000    0     0   500.0000
0.000000    0     1   500.0000
0.000000    0     2   500.0000
0.000000    0     3   500.0000
0.000000    0     4   500.0000
0.000000    0     5   250.0000
0.000000    0     6   250.0000
0.000000    0     7   250.0000
0.000000    0     8   250.0000
0.000000    0     9   250.0000
0.000000    0 KE	     3750.0000
0.000000    0 PE	    23.96177277
0.000000    0 E	     3773.9618
t 0.1: p0 error [0.0029 0.088] sol [(-0.997744 -0.022763) (0.710759 -31.683328)] exact [(-0.999786 -0.020684) (0.654071 -31.616012)] energy/exact energy 502.169 / 500. (0.4338430186%)
t 0.1: p1 error [0.0029 0.088] sol [(-0.286671 -0.955945) (30.352272 -9.114714)] exact [(-0.289280 -0.957245) (30.270733 -9.147827)] energy/exact energy 502.169 / 500. (0.4338430186%)
t 0.1: p2 error [0.0029 0.088] sol [(0.820572 -0.568044) (18.047976 26.050124)] exact [(0.821001 -0.570926) (18.054271 25.962344)] energy/exact energy 502.169 / 500. (0.4338430186%)
t 0.1: p3 error [0.0029 0.088] sol [(0.793812 0.604875) (-19.198009 25.214577)] exact [(0.796686 0.604393) (-19.112580 25.193438)] energy/exact energy 502.169 / 500. (0.4338430186%)
t 0.1: p4 error [0.0029 0.088] sol [(-0.329969 0.941877) (-29.912999 -10.466659)] exact [(-0.328622 0.944461) (-29.866495 -10.391943)] energy/exact energy 502.169 / 500. (0.4338430186%)
t 0.1: p5 error [0.043 0.65] sol [(0.832568 1.802495) (-19.992567 10.425097)] exact [(0.874902 1.798484) (-20.107666 9.781706)] energy/exact energy 254.193 / 250. (1.6770757552%)
t 0.1: p6 error [0.043 0.65] sol [(-1.456997 1.348821) (-16.092900 -15.792529)] exact [(-1.440100 1.387844) (-15.516566 -16.100813)] energy/exact energy 254.193 / 250. (1.6770757552%)
t 0.1: p7 error [0.043 0.65] sol [(-1.733042 -0.968878) (10.046608 -20.185417)] exact [(-1.764933 -0.940750) (10.517900 -19.732556)] energy/exact energy 254.193 / 250. (1.6770757552%)
t 0.1: p8 error [0.043 0.65] sol [(0.385918 -1.947620) (22.302045 3.317255)] exact [(0.349312 -1.969259) (22.016986 3.905423)] energy/exact energy 254.193 / 250. (1.6770757552%)
t 0.1: p9 error [0.043 0.65] sol [(1.971553 -0.234818) (3.736814 22.235593)] exact [(1.980820 -0.276319) (3.089345 22.146240)] energy/exact energy 254.193 / 250. (1.6770757552%)
Time     Step Part     Energy
0.000000    0     0   500.0000
0.000000    0     1   500.0000
0.000000    0     2   500.0000
0.000000    0     3   500.0000
0.000000    0     4   500.0000
0.000000    0     5   250.0000
0.000000    0     6   250.0000
0.000000    0     7   250.0000
0.000000    0     8   250.0000
0.000000    0     9   250.0000
0.000000    0 KE	     3750.0000
0.000000    0 PE	    23.96177277
0.000000    0 E	     3773.9618
t 0.1: p0 error [0.0011 0.042] sol [(-0.998849 -0.020146) (0.630368 -31.650826)] exact [(-0.999786 -0.020684) (0.654071 -31.616012)] energy/exact energy 501.086 / 500. (0.2172180547%)
t 0.1: p1 error [0.0011 0.042] sol [(-0.289501 -0.956187) (30.296519 -9.181128)] exact [(-0.289280 -0.957245) (30.270733 -9.147827)] energy/exact energy 501.086 / 500. (0.2172180547%)
t 0.1: p2 error [0.0011 0.042] sol [(0.819927 -0.570810) (18.093911 25.976577)] exact [(0.821001 -0.570926) (18.054271 25.962344)] energy/exact energy 501.086 / 500. (0.2172180547%)
t 0.1: p3 error [0.0011 0.042] sol [(0.796244 0.603407) (-19.113867 25.235536)] exact [(0.796686 0.604393) (-19.112580 25.193438)] energy/exact energy 501.086 / 500. (0.2172180547%)
t 0.1: p4 error [0.0011 0.042] sol [(-0.327821 0.943736) (-29.906930 -10.380158)] exact [(-0.328622 0.944461) (-29.866495 -10.391943)] energy/exact energy 501.086 / 500. (0.2172180547%)
t 0.1: p5 error [0.018 0.38] sol [(0.857631 1.801788) (-19.988943 10.145626)] exact [(0.874902 1.798484) (-20.107666 9.781706)] energy/exact energy 251.246 / 250. (0.4983106153%)
t 0.1: p6 error [0.018 0.38] sol [(-1.448580 1.372439) (-15.825987 -15.875443)] exact [(-1.440100 1.387844) (-15.516566 -16.100813)] energy/exact energy 251.246 / 250. (0.4983106153%)
t 0.1: p7 error [0.018 0.38] sol [(-1.752903 -0.953574) (10.207945 -19.957189)] exact [(-1.764933 -0.940750) (10.517900 -19.732556)] energy/exact energy 251.246 / 250. (0.4983106153%)
t 0.1: p8 error [0.018 0.38] sol [(0.365226 -1.961780) (22.134844 3.541222)] exact [(0.349312 -1.969259) (22.016986 3.905423)] energy/exact energy 251.246 / 250. (0.4983106153%)
t 0.1: p9 error [0.018 0.38] sol [(1.978625 -0.258873) (3.472141 22.145785)] exact [(1.980820 -0.276319) (3.089345 22.146240)] energy/exact energy 251.246 / 250. (0.4983106153%)
L_2 convergence rate: 0.86
Time     Step Part     Energy
0.000000    0     0   500.0000
0.000000    0     1   500.0000
0.000000    0     2   500.0000
0.000000    0     3   500.0000
0.000000    0     4   500.0000
0.000000    0     5   250.0000
0.000000    0     6   250.0000
0.000000    0     7   250.0000
0.000000    0     8   250.0000
0.000000    0     9   250.0000
0.000000    0 KE	     3750.0000
0.000000    0 PE	    23.96177277
0.000000    0 E	     3773.9618
