Linear solve converged due to CONVERGED_NEG_CURVE iterations 4
Linear solve converged due to CONVERGED_NEG_CURVE iterations 4
Vec Object: 1 MPI process
  type: seq
0.62967
1.00975
1.19058
1.22252
1.15593
1.04115
0.928533
0.868435
0.911207
1.1072
-0.929616
