        flag      rnorm     Arnorm   Compatible         LS      Anorm      Acond      xnorm
      0   -2   1.96e+01   1.59e+02     1.00e+00   1.00e+00   0.00e+00   1.00e+00   0.00e+00
      1   -2   4.88e+00   2.84e+01     1.26e-01   2.82e-01   8.11e+00   1.00e+00   2.34e+00
      2   -2   1.93e+00   9.17e+00     2.51e-02   2.29e-01   2.07e+01   3.84e+00   2.78e+00
      3   -2   9.53e-01   3.90e+00     1.18e-02   1.98e-01   2.07e+01   5.39e+00   2.96e+00
      4   -2   5.29e-01   1.94e+00     6.40e-03   1.77e-01   2.07e+01   7.16e+00   3.05e+00
      5   -2   3.09e-01   1.07e+00     3.69e-03   1.67e-01   2.07e+01   9.06e+00   3.10e+00
      6   -2   1.78e-01   6.19e-01     2.11e-03   1.68e-01   2.07e+01   1.08e+01   3.13e+00
      7   -2   9.20e-02   3.44e-01     1.08e-03   1.81e-01   2.07e+01   1.17e+01   3.15e+00
      8   -2   3.81e-02   1.57e-01     4.48e-04   2.00e-01   2.07e+01   1.09e+01   3.16e+00
      9    1   1.05e-02   4.75e-02     1.24e-04   2.19e-01   2.07e+01   1.17e+01   3.16e+00
     10    1   9.63e-15   8.45e-14     1.13e-16   4.25e-01   2.07e+01   1.17e+01   3.16e+00
Linear solve converged due to CONVERGED_RTOL iterations 10
        flag      rnorm     Arnorm   Compatible         LS      Anorm      Acond      xnorm
      0   -2   1.96e+01   1.59e+02     1.00e+00   1.00e+00   0.00e+00   1.00e+00   0.00e+00
      1   -2   4.88e+00   2.84e+01     1.26e-01   2.82e-01   8.11e+00   1.00e+00   2.34e+00
      2   -2   1.93e+00   9.17e+00     2.51e-02   2.29e-01   2.07e+01   3.84e+00   2.78e+00
      3   -2   9.53e-01   3.90e+00     1.18e-02   1.98e-01   2.07e+01   5.39e+00   2.96e+00
      4   -2   5.29e-01   1.94e+00     6.40e-03   1.77e-01   2.07e+01   7.16e+00   3.05e+00
      5   -2   3.09e-01   1.07e+00     3.69e-03   1.67e-01   2.07e+01   9.06e+00   3.10e+00
      6   -2   1.78e-01   6.19e-01     2.11e-03   1.68e-01   2.07e+01   1.08e+01   3.13e+00
      7   -2   9.20e-02   3.44e-01     1.08e-03   1.81e-01   2.07e+01   1.17e+01   3.15e+00
      8   -2   3.81e-02   1.57e-01     4.48e-04   2.00e-01   2.07e+01   1.09e+01   3.16e+00
      9    1   1.05e-02   4.75e-02     1.24e-04   2.19e-01   2.07e+01   1.17e+01   3.16e+00
     10    1   9.63e-15   8.45e-14     1.13e-16   4.25e-01   2.07e+01   1.17e+01   3.16e+00
Linear solve converged due to CONVERGED_RTOL iterations 10
Vec Object: 1 MPI process
  type: seq
1.
1.
1.
1.
1.
1.
1.
1.
1.
1.
0.
