DM Object: cubit(FourSquareT-large.exo): 12/02/2017: 09:20:39 2 MPI processes
  type: plex
cubit(FourSquareT-large.exo): 12/02/2017: 09:20:39 in 2 dimensions:
  Number of 0-cells per rank: 61 0
  Number of 1-cells per rank: 156 0
  Number of 2-cells per rank: 96 0
Labels:
  celltype: 3 strata with value/size (0 (61), 3 (96), 1 (156))
  depth: 3 strata with value/size (0 (61), 1 (156), 2 (96))
  Cell Sets: 4 strata with value/size (1 (24), 2 (18), 3 (28), 5 (26))
PetscViewer Object: 2 MPI processes
  type: exodusii
  Filename:    FourSquareT-large_out.exo
  exoid:       -1
  IO Mode:     1
  Mesh order:  1
PetscViewer Object: 2 MPI processes
  type: exodusii
  Filename:    FourSquareT-large_out.exo
  exoid:       65536
  IO Mode:     1
  Mesh order:  1
DM Object: Parallel Mesh 2 MPI processes
  type: plex
Parallel Mesh in 2 dimensions:
  Number of 0-cells per rank: 40 36
  Number of 1-cells per rank: 85 84
  Number of 2-cells per rank: 48 48
Labels:
  depth: 3 strata with value/size (0 (40), 1 (85), 2 (48))
  celltype: 3 strata with value/size (0 (40), 1 (85), 3 (48))
  Cell Sets: 3 strata with value/size (1 (24), 2 (18), 3 (6))
Field U:
  adjacency FEM
Field Sigma:
  adjacency FEM
Field Alpha:
  adjacency FEM
