DM Object: Save: DM 4 MPI processes
  type: plex
Save: DM in 2 dimensions:
Supports:
[0] Max support size: 0
[1] Max support size: 3
[1]: 3 ----> 11
[1]: 3 ----> 15
[1]: 4 ----> 11
[1]: 4 ----> 12
[1]: 4 ----> 16
[1]: 5 ----> 13
[1]: 5 ----> 15
[1]: 6 ----> 13
[1]: 6 ----> 14
[1]: 6 ----> 16
[1]: 7 ----> 12
[1]: 7 ----> 17
[1]: 7 ----> 19
[1]: 8 ----> 17
[1]: 8 ----> 20
[1]: 9 ----> 14
[1]: 9 ----> 18
[1]: 9 ----> 19
[1]: 10 ----> 18
[1]: 10 ----> 20
[1]: 11 ----> 0
[1]: 12 ----> 1
[1]: 13 ----> 0
[1]: 14 ----> 1
[1]: 15 ----> 0
[1]: 16 ----> 0
[1]: 16 ----> 1
[1]: 17 ----> 2
[1]: 18 ----> 2
[1]: 19 ----> 1
[1]: 19 ----> 2
[1]: 20 ----> 2
[2] Max support size: 3
[2]: 4 ----> 14
[2]: 4 ----> 18
[2]: 4 ----> 20
[2]: 5 ----> 14
[2]: 5 ----> 15
[2]: 5 ----> 19
[2]: 6 ----> 16
[2]: 6 ----> 18
[2]: 6 ----> 21
[2]: 7 ----> 16
[2]: 7 ----> 17
[2]: 7 ----> 19
[2]: 8 ----> 20
[2]: 8 ----> 22
[2]: 9 ----> 21
[2]: 9 ----> 22
[2]: 10 ----> 15
[2]: 10 ----> 23
[2]: 10 ----> 25
[2]: 11 ----> 23
[2]: 11 ----> 26
[2]: 12 ----> 17
[2]: 12 ----> 24
[2]: 12 ----> 25
[2]: 13 ----> 24
[2]: 13 ----> 26
[2]: 14 ----> 0
[2]: 15 ----> 1
[2]: 16 ----> 0
[2]: 17 ----> 1
[2]: 18 ----> 0
[2]: 18 ----> 2
[2]: 19 ----> 0
[2]: 19 ----> 1
[2]: 20 ----> 2
[2]: 21 ----> 2
[2]: 22 ----> 2
[2]: 23 ----> 3
[2]: 24 ----> 3
[2]: 25 ----> 1
[2]: 25 ----> 3
[2]: 26 ----> 3
[3] Max support size: 3
[3]: 3 ----> 11
[3]: 3 ----> 15
[3]: 3 ----> 18
[3]: 4 ----> 11
[3]: 4 ----> 12
[3]: 4 ----> 16
[3]: 5 ----> 12
[3]: 5 ----> 17
[3]: 6 ----> 13
[3]: 6 ----> 15
[3]: 6 ----> 19
[3]: 7 ----> 13
[3]: 7 ----> 14
[3]: 7 ----> 16
[3]: 8 ----> 14
[3]: 8 ----> 17
[3]: 9 ----> 18
[3]: 9 ----> 20
[3]: 10 ----> 19
[3]: 10 ----> 20
[3]: 11 ----> 0
[3]: 12 ----> 1
[3]: 13 ----> 0
[3]: 14 ----> 1
[3]: 15 ----> 0
[3]: 15 ----> 2
[3]: 16 ----> 0
[3]: 16 ----> 1
[3]: 17 ----> 1
[3]: 18 ----> 2
[3]: 19 ----> 2
[3]: 20 ----> 2
Cones:
[0] Max cone size: 0
[1] Max cone size: 4
[1]: 0 <---- 11 (0)
[1]: 0 <---- 16 (0)
[1]: 0 <---- 13 (-1)
[1]: 0 <---- 15 (-1)
[1]: 1 <---- 12 (0)
[1]: 1 <---- 19 (0)
[1]: 1 <---- 14 (-1)
[1]: 1 <---- 16 (-1)
[1]: 2 <---- 17 (0)
[1]: 2 <---- 20 (0)
[1]: 2 <---- 18 (-1)
[1]: 2 <---- 19 (-1)
[1]: 11 <---- 3 (0)
[1]: 11 <---- 4 (0)
[1]: 12 <---- 4 (0)
[1]: 12 <---- 7 (0)
[1]: 13 <---- 5 (0)
[1]: 13 <---- 6 (0)
[1]: 14 <---- 6 (0)
[1]: 14 <---- 9 (0)
[1]: 15 <---- 3 (0)
[1]: 15 <---- 5 (0)
[1]: 16 <---- 4 (0)
[1]: 16 <---- 6 (0)
[1]: 17 <---- 7 (0)
[1]: 17 <---- 8 (0)
[1]: 18 <---- 9 (0)
[1]: 18 <---- 10 (0)
[1]: 19 <---- 7 (0)
[1]: 19 <---- 9 (0)
[1]: 20 <---- 8 (0)
[1]: 20 <---- 10 (0)
[2] Max cone size: 4
[2]: 0 <---- 14 (0)
[2]: 0 <---- 19 (0)
[2]: 0 <---- 16 (-1)
[2]: 0 <---- 18 (-1)
[2]: 1 <---- 15 (0)
[2]: 1 <---- 25 (0)
[2]: 1 <---- 17 (-1)
[2]: 1 <---- 19 (-1)
[2]: 2 <---- 20 (0)
[2]: 2 <---- 18 (0)
[2]: 2 <---- 21 (-1)
[2]: 2 <---- 22 (-1)
[2]: 3 <---- 23 (0)
[2]: 3 <---- 26 (0)
[2]: 3 <---- 24 (-1)
[2]: 3 <---- 25 (-1)
[2]: 14 <---- 4 (0)
[2]: 14 <---- 5 (0)
[2]: 15 <---- 5 (0)
[2]: 15 <---- 10 (0)
[2]: 16 <---- 6 (0)
[2]: 16 <---- 7 (0)
[2]: 17 <---- 7 (0)
[2]: 17 <---- 12 (0)
[2]: 18 <---- 4 (0)
[2]: 18 <---- 6 (0)
[2]: 19 <---- 5 (0)
[2]: 19 <---- 7 (0)
[2]: 20 <---- 8 (0)
[2]: 20 <---- 4 (0)
[2]: 21 <---- 9 (0)
[2]: 21 <---- 6 (0)
[2]: 22 <---- 8 (0)
[2]: 22 <---- 9 (0)
[2]: 23 <---- 10 (0)
[2]: 23 <---- 11 (0)
[2]: 24 <---- 12 (0)
[2]: 24 <---- 13 (0)
[2]: 25 <---- 10 (0)
[2]: 25 <---- 12 (0)
[2]: 26 <---- 11 (0)
[2]: 26 <---- 13 (0)
[3] Max cone size: 4
[3]: 0 <---- 11 (0)
[3]: 0 <---- 16 (0)
[3]: 0 <---- 13 (-1)
[3]: 0 <---- 15 (-1)
[3]: 1 <---- 12 (0)
[3]: 1 <---- 17 (0)
[3]: 1 <---- 14 (-1)
[3]: 1 <---- 16 (-1)
[3]: 2 <---- 18 (0)
[3]: 2 <---- 15 (0)
[3]: 2 <---- 19 (-1)
[3]: 2 <---- 20 (-1)
[3]: 11 <---- 3 (0)
[3]: 11 <---- 4 (0)
[3]: 12 <---- 4 (0)
[3]: 12 <---- 5 (0)
[3]: 13 <---- 6 (0)
[3]: 13 <---- 7 (0)
[3]: 14 <---- 7 (0)
[3]: 14 <---- 8 (0)
[3]: 15 <---- 3 (0)
[3]: 15 <---- 6 (0)
[3]: 16 <---- 4 (0)
[3]: 16 <---- 7 (0)
[3]: 17 <---- 5 (0)
[3]: 17 <---- 8 (0)
[3]: 18 <---- 9 (0)
[3]: 18 <---- 3 (0)
[3]: 19 <---- 10 (0)
[3]: 19 <---- 6 (0)
[3]: 20 <---- 9 (0)
[3]: 20 <---- 10 (0)
coordinates with 1 fields
  field 0 with 2 components
Process 0:
Process 1:
  (   3) dim  2 offset   0 0. 0.
  (   4) dim  2 offset   2 0.166667 0.
  (   5) dim  2 offset   4 0. 1.
  (   6) dim  2 offset   6 0.166667 1.
  (   7) dim  2 offset   8 0.333333 0.
  (   8) dim  2 offset  10 0.5 0.
  (   9) dim  2 offset  12 0.333333 1.
  (  10) dim  2 offset  14 0.5 1.
Process 2:
  (   4) dim  2 offset   0 0.333333 0.
  (   5) dim  2 offset   2 0.5 0.
  (   6) dim  2 offset   4 0.333333 1.
  (   7) dim  2 offset   6 0.5 1.
  (   8) dim  2 offset   8 0.166667 0.
  (   9) dim  2 offset  10 0.166667 1.
  (  10) dim  2 offset  12 0.666667 0.
  (  11) dim  2 offset  14 0.833333 0.
  (  12) dim  2 offset  16 0.666667 1.
  (  13) dim  2 offset  18 0.833333 1.
Process 3:
  (   3) dim  2 offset   0 0.666667 0.
  (   4) dim  2 offset   2 0.833333 0.
  (   5) dim  2 offset   4 1. 0.
  (   6) dim  2 offset   6 0.666667 1.
  (   7) dim  2 offset   8 0.833333 1.
  (   8) dim  2 offset  10 1. 1.
  (   9) dim  2 offset  12 0.5 0.
  (  10) dim  2 offset  14 0.5 1.
Labels:
Label 'marker':
[1]: 3 (1)
[1]: 4 (1)
[1]: 5 (1)
[1]: 6 (1)
[1]: 7 (1)
[1]: 8 (1)
[1]: 9 (1)
[1]: 10 (1)
[1]: 11 (1)
[1]: 12 (1)
[1]: 13 (1)
[1]: 14 (1)
[1]: 15 (1)
[1]: 17 (1)
[1]: 18 (1)
[2]: 4 (1)
[2]: 5 (1)
[2]: 6 (1)
[2]: 7 (1)
[2]: 8 (1)
[2]: 9 (1)
[2]: 10 (1)
[2]: 11 (1)
[2]: 12 (1)
[2]: 13 (1)
[2]: 14 (1)
[2]: 15 (1)
[2]: 16 (1)
[2]: 17 (1)
[2]: 20 (1)
[2]: 21 (1)
[2]: 23 (1)
[2]: 24 (1)
[3]: 3 (1)
[3]: 4 (1)
[3]: 5 (1)
[3]: 6 (1)
[3]: 7 (1)
[3]: 8 (1)
[3]: 9 (1)
[3]: 10 (1)
[3]: 11 (1)
[3]: 12 (1)
[3]: 13 (1)
[3]: 14 (1)
[3]: 17 (1)
[3]: 18 (1)
[3]: 19 (1)
Label 'Face Sets':
[1]: 11 (1)
[1]: 12 (1)
[1]: 17 (1)
[1]: 13 (3)
[1]: 14 (3)
[1]: 18 (3)
[1]: 15 (4)
[2]: 14 (1)
[2]: 15 (1)
[2]: 20 (1)
[2]: 23 (1)
[2]: 16 (3)
[2]: 17 (3)
[2]: 21 (3)
[2]: 24 (3)
[3]: 11 (1)
[3]: 12 (1)
[3]: 18 (1)
[3]: 17 (2)
[3]: 13 (3)
[3]: 14 (3)
[3]: 19 (3)
Label 'celltype':
[1]: 3 (0)
[1]: 4 (0)
[1]: 5 (0)
[1]: 6 (0)
[1]: 7 (0)
[1]: 8 (0)
[1]: 9 (0)
[1]: 10 (0)
[1]: 11 (1)
[1]: 12 (1)
[1]: 13 (1)
[1]: 14 (1)
[1]: 15 (1)
[1]: 16 (1)
[1]: 17 (1)
[1]: 18 (1)
[1]: 19 (1)
[1]: 20 (1)
[1]: 0 (4)
[1]: 1 (4)
[1]: 2 (4)
[2]: 4 (0)
[2]: 5 (0)
[2]: 6 (0)
[2]: 7 (0)
[2]: 8 (0)
[2]: 9 (0)
[2]: 10 (0)
[2]: 11 (0)
[2]: 12 (0)
[2]: 13 (0)
[2]: 14 (1)
[2]: 15 (1)
[2]: 16 (1)
[2]: 17 (1)
[2]: 18 (1)
[2]: 19 (1)
[2]: 20 (1)
[2]: 21 (1)
[2]: 22 (1)
[2]: 23 (1)
[2]: 24 (1)
[2]: 25 (1)
[2]: 26 (1)
[2]: 0 (4)
[2]: 1 (4)
[2]: 2 (4)
[2]: 3 (4)
[3]: 3 (0)
[3]: 4 (0)
[3]: 5 (0)
[3]: 6 (0)
[3]: 7 (0)
[3]: 8 (0)
[3]: 9 (0)
[3]: 10 (0)
[3]: 11 (1)
[3]: 12 (1)
[3]: 13 (1)
[3]: 14 (1)
[3]: 15 (1)
[3]: 16 (1)
[3]: 17 (1)
[3]: 18 (1)
[3]: 19 (1)
[3]: 20 (1)
[3]: 0 (4)
[3]: 1 (4)
[3]: 2 (4)
PetscSF Object: 4 MPI processes
  type: basic
  [0] Number of roots=0, leaves=0, remote ranks=0
  [1] Number of roots=21, leaves=9, remote ranks=1
  [1] 2 <- (2,0)
  [1] 7 <- (2,4)
  [1] 8 <- (2,5)
  [1] 9 <- (2,6)
  [1] 10 <- (2,7)
  [1] 17 <- (2,14)
  [1] 18 <- (2,16)
  [1] 19 <- (2,18)
  [1] 20 <- (2,19)
  [2] Number of roots=27, leaves=15, remote ranks=2
  [2] 2 <- (1,1)
  [2] 3 <- (3,0)
  [2] 8 <- (1,4)
  [2] 9 <- (1,6)
  [2] 10 <- (3,3)
  [2] 11 <- (3,4)
  [2] 12 <- (3,6)
  [2] 13 <- (3,7)
  [2] 20 <- (1,12)
  [2] 21 <- (1,14)
  [2] 22 <- (1,16)
  [2] 23 <- (3,11)
  [2] 24 <- (3,13)
  [2] 25 <- (3,15)
  [2] 26 <- (3,16)
  [3] Number of roots=21, leaves=6, remote ranks=1
  [3] 2 <- (2,1)
  [3] 9 <- (2,5)
  [3] 10 <- (2,7)
  [3] 18 <- (2,15)
  [3] 19 <- (2,17)
  [3] 20 <- (2,19)
  [0] Roots referenced by my leaves, by rank
  [1] Roots referenced by my leaves, by rank
  [1] 2: 9 edges
  [1]    2 <- 0
  [1]    7 <- 4
  [1]    8 <- 5
  [1]    9 <- 6
  [1]    10 <- 7
  [1]    17 <- 14
  [1]    18 <- 16
  [1]    19 <- 18
  [1]    20 <- 19
  [2] Roots referenced by my leaves, by rank
  [2] 1: 6 edges
  [2]    2 <- 1
  [2]    8 <- 4
  [2]    9 <- 6
  [2]    20 <- 12
  [2]    21 <- 14
  [2]    22 <- 16
  [2] 3: 9 edges
  [2]    3 <- 0
  [2]    10 <- 3
  [2]    11 <- 4
  [2]    12 <- 6
  [2]    13 <- 7
  [2]    23 <- 11
  [2]    24 <- 13
  [2]    25 <- 15
  [2]    26 <- 16
  [3] Roots referenced by my leaves, by rank
  [3] 2: 6 edges
  [3]    2 <- 1
  [3]    9 <- 5
  [3]    10 <- 7
  [3]    18 <- 15
  [3]    19 <- 17
  [3]    20 <- 19
  MultiSF sort=rank-order
DM Object: Load: DM 4 MPI processes
  type: plex
Load: DM in 2 dimensions:
Supports:
[0] Max support size: 0
[1] Max support size: 3
[1]: 3 ----> 11
[1]: 3 ----> 15
[1]: 4 ----> 11
[1]: 4 ----> 12
[1]: 4 ----> 16
[1]: 5 ----> 13
[1]: 5 ----> 15
[1]: 6 ----> 13
[1]: 6 ----> 14
[1]: 6 ----> 16
[1]: 7 ----> 12
[1]: 7 ----> 17
[1]: 7 ----> 19
[1]: 8 ----> 17
[1]: 8 ----> 20
[1]: 9 ----> 14
[1]: 9 ----> 18
[1]: 9 ----> 19
[1]: 10 ----> 18
[1]: 10 ----> 20
[1]: 11 ----> 0
[1]: 12 ----> 1
[1]: 13 ----> 0
[1]: 14 ----> 1
[1]: 15 ----> 0
[1]: 16 ----> 0
[1]: 16 ----> 1
[1]: 17 ----> 2
[1]: 18 ----> 2
[1]: 19 ----> 1
[1]: 19 ----> 2
[1]: 20 ----> 2
[2] Max support size: 3
[2]: 4 ----> 14
[2]: 4 ----> 18
[2]: 4 ----> 20
[2]: 5 ----> 14
[2]: 5 ----> 15
[2]: 5 ----> 19
[2]: 6 ----> 16
[2]: 6 ----> 18
[2]: 6 ----> 21
[2]: 7 ----> 16
[2]: 7 ----> 17
[2]: 7 ----> 19
[2]: 8 ----> 20
[2]: 8 ----> 22
[2]: 9 ----> 21
[2]: 9 ----> 22
[2]: 10 ----> 15
[2]: 10 ----> 23
[2]: 10 ----> 25
[2]: 11 ----> 23
[2]: 11 ----> 26
[2]: 12 ----> 17
[2]: 12 ----> 24
[2]: 12 ----> 25
[2]: 13 ----> 24
[2]: 13 ----> 26
[2]: 14 ----> 0
[2]: 15 ----> 1
[2]: 16 ----> 0
[2]: 17 ----> 1
[2]: 18 ----> 0
[2]: 18 ----> 2
[2]: 19 ----> 0
[2]: 19 ----> 1
[2]: 20 ----> 2
[2]: 21 ----> 2
[2]: 22 ----> 2
[2]: 23 ----> 3
[2]: 24 ----> 3
[2]: 25 ----> 1
[2]: 25 ----> 3
[2]: 26 ----> 3
[3] Max support size: 3
[3]: 3 ----> 11
[3]: 3 ----> 15
[3]: 3 ----> 18
[3]: 4 ----> 11
[3]: 4 ----> 12
[3]: 4 ----> 16
[3]: 5 ----> 12
[3]: 5 ----> 17
[3]: 6 ----> 13
[3]: 6 ----> 15
[3]: 6 ----> 19
[3]: 7 ----> 13
[3]: 7 ----> 14
[3]: 7 ----> 16
[3]: 8 ----> 14
[3]: 8 ----> 17
[3]: 9 ----> 18
[3]: 9 ----> 20
[3]: 10 ----> 19
[3]: 10 ----> 20
[3]: 11 ----> 0
[3]: 12 ----> 1
[3]: 13 ----> 0
[3]: 14 ----> 1
[3]: 15 ----> 0
[3]: 15 ----> 2
[3]: 16 ----> 0
[3]: 16 ----> 1
[3]: 17 ----> 1
[3]: 18 ----> 2
[3]: 19 ----> 2
[3]: 20 ----> 2
Cones:
[0] Max cone size: 0
[1] Max cone size: 4
[1]: 0 <---- 11 (0)
[1]: 0 <---- 16 (0)
[1]: 0 <---- 13 (-1)
[1]: 0 <---- 15 (-1)
[1]: 1 <---- 12 (0)
[1]: 1 <---- 19 (0)
[1]: 1 <---- 14 (-1)
[1]: 1 <---- 16 (-1)
[1]: 2 <---- 17 (0)
[1]: 2 <---- 20 (0)
[1]: 2 <---- 18 (-1)
[1]: 2 <---- 19 (-1)
[1]: 11 <---- 3 (0)
[1]: 11 <---- 4 (0)
[1]: 12 <---- 4 (0)
[1]: 12 <---- 7 (0)
[1]: 13 <---- 5 (0)
[1]: 13 <---- 6 (0)
[1]: 14 <---- 6 (0)
[1]: 14 <---- 9 (0)
[1]: 15 <---- 3 (0)
[1]: 15 <---- 5 (0)
[1]: 16 <---- 4 (0)
[1]: 16 <---- 6 (0)
[1]: 17 <---- 7 (0)
[1]: 17 <---- 8 (0)
[1]: 18 <---- 9 (0)
[1]: 18 <---- 10 (0)
[1]: 19 <---- 7 (0)
[1]: 19 <---- 9 (0)
[1]: 20 <---- 8 (0)
[1]: 20 <---- 10 (0)
[2] Max cone size: 4
[2]: 0 <---- 14 (0)
[2]: 0 <---- 19 (0)
[2]: 0 <---- 16 (-1)
[2]: 0 <---- 18 (-1)
[2]: 1 <---- 15 (0)
[2]: 1 <---- 25 (0)
[2]: 1 <---- 17 (-1)
[2]: 1 <---- 19 (-1)
[2]: 2 <---- 20 (0)
[2]: 2 <---- 18 (0)
[2]: 2 <---- 21 (-1)
[2]: 2 <---- 22 (-1)
[2]: 3 <---- 23 (0)
[2]: 3 <---- 26 (0)
[2]: 3 <---- 24 (-1)
[2]: 3 <---- 25 (-1)
[2]: 14 <---- 4 (0)
[2]: 14 <---- 5 (0)
[2]: 15 <---- 5 (0)
[2]: 15 <---- 10 (0)
[2]: 16 <---- 6 (0)
[2]: 16 <---- 7 (0)
[2]: 17 <---- 7 (0)
[2]: 17 <---- 12 (0)
[2]: 18 <---- 4 (0)
[2]: 18 <---- 6 (0)
[2]: 19 <---- 5 (0)
[2]: 19 <---- 7 (0)
[2]: 20 <---- 8 (0)
[2]: 20 <---- 4 (0)
[2]: 21 <---- 9 (0)
[2]: 21 <---- 6 (0)
[2]: 22 <---- 8 (0)
[2]: 22 <---- 9 (0)
[2]: 23 <---- 10 (0)
[2]: 23 <---- 11 (0)
[2]: 24 <---- 12 (0)
[2]: 24 <---- 13 (0)
[2]: 25 <---- 10 (0)
[2]: 25 <---- 12 (0)
[2]: 26 <---- 11 (0)
[2]: 26 <---- 13 (0)
[3] Max cone size: 4
[3]: 0 <---- 11 (0)
[3]: 0 <---- 16 (0)
[3]: 0 <---- 13 (-1)
[3]: 0 <---- 15 (-1)
[3]: 1 <---- 12 (0)
[3]: 1 <---- 17 (0)
[3]: 1 <---- 14 (-1)
[3]: 1 <---- 16 (-1)
[3]: 2 <---- 18 (0)
[3]: 2 <---- 15 (0)
[3]: 2 <---- 19 (-1)
[3]: 2 <---- 20 (-1)
[3]: 11 <---- 3 (0)
[3]: 11 <---- 4 (0)
[3]: 12 <---- 4 (0)
[3]: 12 <---- 5 (0)
[3]: 13 <---- 6 (0)
[3]: 13 <---- 7 (0)
[3]: 14 <---- 7 (0)
[3]: 14 <---- 8 (0)
[3]: 15 <---- 3 (0)
[3]: 15 <---- 6 (0)
[3]: 16 <---- 4 (0)
[3]: 16 <---- 7 (0)
[3]: 17 <---- 5 (0)
[3]: 17 <---- 8 (0)
[3]: 18 <---- 9 (0)
[3]: 18 <---- 3 (0)
[3]: 19 <---- 10 (0)
[3]: 19 <---- 6 (0)
[3]: 20 <---- 9 (0)
[3]: 20 <---- 10 (0)
coordinates with 1 fields
  field 0 with 2 components
Process 0:
Process 1:
  (   3) dim  2 offset   0 0. 0.
  (   4) dim  2 offset   2 0.166667 0.
  (   5) dim  2 offset   4 0. 1.
  (   6) dim  2 offset   6 0.166667 1.
  (   7) dim  2 offset   8 0.333333 0.
  (   8) dim  2 offset  10 0.5 0.
  (   9) dim  2 offset  12 0.333333 1.
  (  10) dim  2 offset  14 0.5 1.
Process 2:
  (   4) dim  2 offset   0 0.333333 0.
  (   5) dim  2 offset   2 0.5 0.
  (   6) dim  2 offset   4 0.333333 1.
  (   7) dim  2 offset   6 0.5 1.
  (   8) dim  2 offset   8 0.166667 0.
  (   9) dim  2 offset  10 0.166667 1.
  (  10) dim  2 offset  12 0.666667 0.
  (  11) dim  2 offset  14 0.833333 0.
  (  12) dim  2 offset  16 0.666667 1.
  (  13) dim  2 offset  18 0.833333 1.
Process 3:
  (   3) dim  2 offset   0 0.666667 0.
  (   4) dim  2 offset   2 0.833333 0.
  (   5) dim  2 offset   4 1. 0.
  (   6) dim  2 offset   6 0.666667 1.
  (   7) dim  2 offset   8 0.833333 1.
  (   8) dim  2 offset  10 1. 1.
  (   9) dim  2 offset  12 0.5 0.
  (  10) dim  2 offset  14 0.5 1.
Labels:
Label 'Face Sets':
[1]: 11 (1)
[1]: 12 (1)
[1]: 17 (1)
[1]: 13 (3)
[1]: 14 (3)
[1]: 18 (3)
[1]: 15 (4)
[2]: 14 (1)
[2]: 15 (1)
[2]: 20 (1)
[2]: 23 (1)
[2]: 16 (3)
[2]: 17 (3)
[2]: 21 (3)
[2]: 24 (3)
[3]: 11 (1)
[3]: 12 (1)
[3]: 18 (1)
[3]: 17 (2)
[3]: 13 (3)
[3]: 14 (3)
[3]: 19 (3)
Label 'celltype':
[1]: 3 (0)
[1]: 4 (0)
[1]: 5 (0)
[1]: 6 (0)
[1]: 7 (0)
[1]: 8 (0)
[1]: 9 (0)
[1]: 10 (0)
[1]: 11 (1)
[1]: 12 (1)
[1]: 13 (1)
[1]: 14 (1)
[1]: 15 (1)
[1]: 16 (1)
[1]: 17 (1)
[1]: 18 (1)
[1]: 19 (1)
[1]: 20 (1)
[1]: 0 (4)
[1]: 1 (4)
[1]: 2 (4)
[2]: 4 (0)
[2]: 5 (0)
[2]: 6 (0)
[2]: 7 (0)
[2]: 8 (0)
[2]: 9 (0)
[2]: 10 (0)
[2]: 11 (0)
[2]: 12 (0)
[2]: 13 (0)
[2]: 14 (1)
[2]: 15 (1)
[2]: 16 (1)
[2]: 17 (1)
[2]: 18 (1)
[2]: 19 (1)
[2]: 20 (1)
[2]: 21 (1)
[2]: 22 (1)
[2]: 23 (1)
[2]: 24 (1)
[2]: 25 (1)
[2]: 26 (1)
[2]: 0 (4)
[2]: 1 (4)
[2]: 2 (4)
[2]: 3 (4)
[3]: 3 (0)
[3]: 4 (0)
[3]: 5 (0)
[3]: 6 (0)
[3]: 7 (0)
[3]: 8 (0)
[3]: 9 (0)
[3]: 10 (0)
[3]: 11 (1)
[3]: 12 (1)
[3]: 13 (1)
[3]: 14 (1)
[3]: 15 (1)
[3]: 16 (1)
[3]: 17 (1)
[3]: 18 (1)
[3]: 19 (1)
[3]: 20 (1)
[3]: 0 (4)
[3]: 1 (4)
[3]: 2 (4)
Label 'marker':
[1]: 3 (1)
[1]: 4 (1)
[1]: 5 (1)
[1]: 6 (1)
[1]: 7 (1)
[1]: 8 (1)
[1]: 9 (1)
[1]: 10 (1)
[1]: 11 (1)
[1]: 12 (1)
[1]: 13 (1)
[1]: 14 (1)
[1]: 15 (1)
[1]: 17 (1)
[1]: 18 (1)
[2]: 4 (1)
[2]: 5 (1)
[2]: 6 (1)
[2]: 7 (1)
[2]: 8 (1)
[2]: 9 (1)
[2]: 10 (1)
[2]: 11 (1)
[2]: 12 (1)
[2]: 13 (1)
[2]: 14 (1)
[2]: 15 (1)
[2]: 16 (1)
[2]: 17 (1)
[2]: 20 (1)
[2]: 21 (1)
[2]: 23 (1)
[2]: 24 (1)
[3]: 3 (1)
[3]: 4 (1)
[3]: 5 (1)
[3]: 6 (1)
[3]: 7 (1)
[3]: 8 (1)
[3]: 9 (1)
[3]: 10 (1)
[3]: 11 (1)
[3]: 12 (1)
[3]: 13 (1)
[3]: 14 (1)
[3]: 17 (1)
[3]: 18 (1)
[3]: 19 (1)
PetscSF Object: 4 MPI processes
  type: basic
  [0] Number of roots=0, leaves=0, remote ranks=0
  [1] Number of roots=21, leaves=9, remote ranks=1
  [1] 2 <- (2,0)
  [1] 7 <- (2,4)
  [1] 8 <- (2,5)
  [1] 9 <- (2,6)
  [1] 10 <- (2,7)
  [1] 17 <- (2,14)
  [1] 18 <- (2,16)
  [1] 19 <- (2,18)
  [1] 20 <- (2,19)
  [2] Number of roots=27, leaves=15, remote ranks=2
  [2] 2 <- (1,1)
  [2] 3 <- (3,0)
  [2] 8 <- (1,4)
  [2] 9 <- (1,6)
  [2] 10 <- (3,3)
  [2] 11 <- (3,4)
  [2] 12 <- (3,6)
  [2] 13 <- (3,7)
  [2] 20 <- (1,12)
  [2] 21 <- (1,14)
  [2] 22 <- (1,16)
  [2] 23 <- (3,11)
  [2] 24 <- (3,13)
  [2] 25 <- (3,15)
  [2] 26 <- (3,16)
  [3] Number of roots=21, leaves=6, remote ranks=1
  [3] 2 <- (2,1)
  [3] 9 <- (2,5)
  [3] 10 <- (2,7)
  [3] 18 <- (2,15)
  [3] 19 <- (2,17)
  [3] 20 <- (2,19)
  [0] Roots referenced by my leaves, by rank
  [1] Roots referenced by my leaves, by rank
  [1] 2: 9 edges
  [1]    2 <- 0
  [1]    7 <- 4
  [1]    8 <- 5
  [1]    9 <- 6
  [1]    10 <- 7
  [1]    17 <- 14
  [1]    18 <- 16
  [1]    19 <- 18
  [1]    20 <- 19
  [2] Roots referenced by my leaves, by rank
  [2] 1: 6 edges
  [2]    2 <- 1
  [2]    8 <- 4
  [2]    9 <- 6
  [2]    20 <- 12
  [2]    21 <- 14
  [2]    22 <- 16
  [2] 3: 9 edges
  [2]    3 <- 0
  [2]    10 <- 3
  [2]    11 <- 4
  [2]    12 <- 6
  [2]    13 <- 7
  [2]    23 <- 11
  [2]    24 <- 13
  [2]    25 <- 15
  [2]    26 <- 16
  [3] Roots referenced by my leaves, by rank
  [3] 2: 6 edges
  [3]    2 <- 1
  [3]    9 <- 5
  [3]    10 <- 7
  [3]    18 <- 15
  [3]    19 <- 17
  [3]    20 <- 19
  MultiSF sort=rank-order
