DM Object: cubit(FourSquareT-large.exo): 12/02/2017: 09:20:39 1 MPI process
  type: plex
cubit(FourSquareT-large.exo): 12/02/2017: 09:20:39 in 2 dimensions:
  Number of 0-cells per rank: 61
  Number of 1-cells per rank: 156
  Number of 2-cells per rank: 96
Labels:
  celltype: 3 strata with value/size (0 (61), 3 (96), 1 (156))
  depth: 3 strata with value/size (0 (61), 1 (156), 2 (96))
  Cell Sets: 4 strata with value/size (1 (24), 2 (18), 3 (28), 5 (26))
PetscViewer Object: 1 MPI process
  type: exodusii
  Filename:    FourSquareT-large_out.exo
  exoid:       -1
  IO Mode:     1
  Mesh order:  2
PetscViewer Object: 1 MPI process
  type: exodusii
  Filename:    FourSquareT-large_out.exo
  exoid:       65536
  IO Mode:     1
  Mesh order:  2
DM Object: cubit(FourSquareT-large.exo): 12/02/2017: 09:20:39 1 MPI process
  type: plex
cubit(FourSquareT-large.exo): 12/02/2017: 09:20:39 in 2 dimensions:
  Number of 0-cells per rank: 61
  Number of 1-cells per rank: 156
  Number of 2-cells per rank: 96
Labels:
  celltype: 3 strata with value/size (0 (61), 3 (96), 1 (156))
  depth: 3 strata with value/size (0 (61), 1 (156), 2 (96))
  Cell Sets: 4 strata with value/size (1 (24), 2 (18), 3 (28), 5 (26))
Field U:
  adjacency FEM
Field Sigma:
  adjacency FEM
Field Alpha:
  adjacency FEM
