DM Object: zbox 2 MPI processes
  type: plex
zbox in 2 dimensions:
Supports:
[0] Max support size: 4
[0]: 3 ----> 11
[0]: 3 ----> 14
[0]: 4 ----> 13
[0]: 4 ----> 14
[0]: 4 ----> 17
[0]: 5 ----> 11
[0]: 5 ----> 12
[0]: 5 ----> 18
[0]: 6 ----> 12
[0]: 6 ----> 13
[0]: 6 ----> 15
[0]: 6 ----> 20
[0]: 7 ----> 16
[0]: 7 ----> 17
[0]: 8 ----> 15
[0]: 8 ----> 16
[0]: 9 ----> 18
[0]: 9 ----> 19
[0]: 10 ----> 19
[0]: 10 ----> 20
[0]: 11 ----> 0
[0]: 12 ----> 0
[0]: 12 ----> 2
[0]: 13 ----> 0
[0]: 13 ----> 1
[0]: 14 ----> 0
[0]: 15 ----> 1
[0]: 16 ----> 1
[0]: 17 ----> 1
[0]: 18 ----> 2
[0]: 19 ----> 2
[0]: 20 ----> 2
[1] Max support size: 4
[1]: 3 ----> 12
[1]: 3 ----> 15
[1]: 5 ----> 14
[1]: 5 ----> 15
[1]: 6 ----> 16
[1]: 6 ----> 19
[1]: 7 ----> 12
[1]: 7 ----> 13
[1]: 7 ----> 18
[1]: 7 ----> 19
[1]: 8 ----> 16
[1]: 8 ----> 17
[1]: 9 ----> 17
[1]: 9 ----> 18
[1]: 9 ----> 20
[1]: 10 ----> 13
[1]: 10 ----> 14
[1]: 10 ----> 21
[1]: 11 ----> 20
[1]: 11 ----> 21
[1]: 12 ----> 0
[1]: 13 ----> 0
[1]: 13 ----> 2
[1]: 14 ----> 0
[1]: 15 ----> 0
[1]: 16 ----> 1
[1]: 17 ----> 1
[1]: 18 ----> 1
[1]: 18 ----> 2
[1]: 19 ----> 1
[1]: 20 ----> 2
[1]: 21 ----> 2
Cones:
[0] Max cone size: 4
[0]: 0 <---- 11 (0)
[0]: 0 <---- 12 (0)
[0]: 0 <---- 13 (0)
[0]: 0 <---- 14 (-1)
[0]: 1 <---- 13 (-1)
[0]: 1 <---- 15 (-1)
[0]: 1 <---- 16 (-1)
[0]: 1 <---- 17 (-1)
[0]: 2 <---- 18 (0)
[0]: 2 <---- 19 (-1)
[0]: 2 <---- 20 (-1)
[0]: 2 <---- 12 (-1)
[0]: 11 <---- 3 (0)
[0]: 11 <---- 5 (0)
[0]: 12 <---- 5 (0)
[0]: 12 <---- 6 (0)
[0]: 13 <---- 6 (0)
[0]: 13 <---- 4 (0)
[0]: 14 <---- 3 (0)
[0]: 14 <---- 4 (0)
[0]: 15 <---- 8 (0)
[0]: 15 <---- 6 (0)
[0]: 16 <---- 7 (0)
[0]: 16 <---- 8 (0)
[0]: 17 <---- 4 (0)
[0]: 17 <---- 7 (0)
[0]: 18 <---- 5 (0)
[0]: 18 <---- 9 (0)
[0]: 19 <---- 10 (0)
[0]: 19 <---- 9 (0)
[0]: 20 <---- 6 (0)
[0]: 20 <---- 10 (0)
[1] Max cone size: 4
[1]: 0 <---- 12 (0)
[1]: 0 <---- 13 (0)
[1]: 0 <---- 14 (-1)
[1]: 0 <---- 15 (0)
[1]: 1 <---- 16 (0)
[1]: 1 <---- 17 (0)
[1]: 1 <---- 18 (0)
[1]: 1 <---- 19 (0)
[1]: 2 <---- 18 (-1)
[1]: 2 <---- 20 (0)
[1]: 2 <---- 21 (-1)
[1]: 2 <---- 13 (-1)
[1]: 12 <---- 3 (0)
[1]: 12 <---- 7 (0)
[1]: 13 <---- 7 (0)
[1]: 13 <---- 10 (0)
[1]: 14 <---- 5 (0)
[1]: 14 <---- 10 (0)
[1]: 15 <---- 5 (0)
[1]: 15 <---- 3 (0)
[1]: 16 <---- 6 (0)
[1]: 16 <---- 8 (0)
[1]: 17 <---- 8 (0)
[1]: 17 <---- 9 (0)
[1]: 18 <---- 9 (0)
[1]: 18 <---- 7 (0)
[1]: 19 <---- 7 (0)
[1]: 19 <---- 6 (0)
[1]: 20 <---- 9 (0)
[1]: 20 <---- 11 (0)
[1]: 21 <---- 10 (0)
[1]: 21 <---- 11 (0)
coordinates with 1 fields
  field 0 with 2 components
Process 0:
  (   3) dim  2 offset   0 0. 0.
  (   4) dim  2 offset   2 0. 0.5
  (   5) dim  2 offset   4 0.333333 0.
  (   6) dim  2 offset   6 0.333333 0.5
  (   7) dim  2 offset   8 0. 1.
  (   8) dim  2 offset  10 0.333333 1.
  (   9) dim  2 offset  12 0.666667 0.
  (  10) dim  2 offset  14 0.666667 0.5
Process 1:
  (   3) dim  2 offset   0 0.333333 0.5
  (   4) dim  2 offset   2 0. 1.
  (   5) dim  2 offset   4 0.333333 1.
  (   6) dim  2 offset   6 0.666667 0.
  (   7) dim  2 offset   8 0.666667 0.5
  (   8) dim  2 offset  10 1. 0.
  (   9) dim  2 offset  12 1. 0.5
  (  10) dim  2 offset  14 0.666667 1.
  (  11) dim  2 offset  16 1. 1.
Labels:
Label 'celltype':
[0]: 3 (0)
[0]: 4 (0)
[0]: 5 (0)
[0]: 6 (0)
[0]: 7 (0)
[0]: 8 (0)
[0]: 9 (0)
[0]: 10 (0)
[0]: 0 (4)
[0]: 1 (4)
[0]: 2 (4)
[0]: 11 (1)
[0]: 12 (1)
[0]: 13 (1)
[0]: 14 (1)
[0]: 15 (1)
[0]: 16 (1)
[0]: 17 (1)
[0]: 18 (1)
[0]: 19 (1)
[0]: 20 (1)
[1]: 3 (0)
[1]: 4 (0)
[1]: 5 (0)
[1]: 6 (0)
[1]: 7 (0)
[1]: 8 (0)
[1]: 9 (0)
[1]: 10 (0)
[1]: 11 (0)
[1]: 0 (4)
[1]: 1 (4)
[1]: 2 (4)
[1]: 12 (1)
[1]: 13 (1)
[1]: 14 (1)
[1]: 15 (1)
[1]: 16 (1)
[1]: 17 (1)
[1]: 18 (1)
[1]: 19 (1)
[1]: 20 (1)
[1]: 21 (1)
Label 'Face Sets':
[0]: 14 (4)
[0]: 17 (4)
[1]: 17 (2)
[1]: 20 (2)
PetscSF Object: 2 MPI processes
  type: basic
  [0] Number of roots=21, leaves=8, remote ranks=1
  [0] 6 <- (1,3)
  [0] 7 <- (1,4)
  [0] 8 <- (1,5)
  [0] 9 <- (1,6)
  [0] 10 <- (1,7)
  [0] 15 <- (1,15)
  [0] 19 <- (1,19)
  [0] 20 <- (1,12)
  [1] Number of roots=22, leaves=0, remote ranks=0
  [0] Roots referenced by my leaves, by rank
  [0] 1: 8 edges
  [0]    6 <- 3
  [0]    7 <- 4
  [0]    8 <- 5
  [0]    9 <- 6
  [0]    10 <- 7
  [0]    15 <- 15
  [0]    19 <- 19
  [0]    20 <- 12
  [1] Roots referenced by my leaves, by rank
  MultiSF sort=rank-order
PetscSF Object: Z-order Isoperiodic Faces 2 MPI processes
  type: basic
  [0] Number of roots=21, leaves=1, remote ranks=1
  [0] 16 <- (0,11)
  [1] Number of roots=22, leaves=2, remote ranks=2
  [1] 14 <- (0,18)
  [1] 21 <- (1,16)
  [0] Roots referenced by my leaves, by rank
  [0] 0: 1 edges
  [0]    16 <- 11
  [1] Roots referenced by my leaves, by rank
  [1] 0: 1 edges
  [1]    14 <- 18
  [1] 1: 1 edges
  [1]    21 <- 16
  MultiSF sort=rank-order
## cells: 'default' {0}
Coordinates by element in tensor order
[0] 0 <--  0 ( 0.00,  0.00)
[0] 1 <--  4 ( 0.33,  0.00)
[0] 2 <--  2 ( 0.00,  0.50)
[0] 3 <--  6 ( 0.33,  0.50)
[1] 0 <--  2 ( 0.00,  0.50)
[1] 1 <--  6 ( 0.33,  0.50)
[1] 2 <--  8 ( 0.00,  1.00)
[1] 3 <-- 10 ( 0.33,  1.00)
[2] 0 <--  4 ( 0.33,  0.00)
[2] 1 <-- 12 ( 0.67,  0.00)
[2] 2 <--  6 ( 0.33,  0.50)
[2] 3 <-- 14 ( 0.67,  0.50)
[0] 0 <--  0 ( 0.33,  0.50)
[0] 1 <--  8 ( 0.67,  0.50)
[0] 2 <--  4 ( 0.33,  1.00)
[0] 3 <-- 14 ( 0.67,  1.00)
[1] 0 <--  6 ( 0.67,  0.00)
[1] 1 <-- 10 ( 1.00,  0.00)
[1] 2 <--  8 ( 0.67,  0.50)
[1] 3 <-- 12 ( 1.00,  0.50)
[2] 0 <--  8 ( 0.67,  0.50)
[2] 1 <-- 12 ( 1.00,  0.50)
[2] 2 <-- 14 ( 0.67,  1.00)
[2] 3 <-- 16 ( 1.00,  1.00)
## faces: 'Face Sets' {1}
Coordinates by element in tensor order
