DM Object: ex64_plex 2 MPI processes
  type: plex
ex64_plex in 2 dimensions:
  Number of 0-cells per rank: 61 0
  Number of 1-cells per rank: 156 0
  Number of 2-cells per rank: 96 0
Labels:
  celltype: 3 strata with value/size (0 (61), 3 (96), 1 (156))
  depth: 3 strata with value/size (0 (61), 1 (156), 2 (96))
  Cell Sets: 4 strata with value/size (1 (24), 2 (18), 3 (28), 5 (26))
DM Object: Parallel Mesh 2 MPI processes
  type: plex
Parallel Mesh in 2 dimensions:
  Number of 0-cells per rank: 34 35
  Number of 1-cells per rank: 80 83
  Number of 2-cells per rank: 47 49
Labels:
  depth: 3 strata with value/size (0 (34), 1 (80), 2 (47))
  celltype: 3 strata with value/size (0 (34), 1 (80), 3 (47))
  Cell Sets: 3 strata with value/size (2 (15), 3 (6), 5 (26))
Field U:
  adjacency FEM
Field Sigma:
  adjacency FEM
Field Alpha:
  adjacency FEM
