Discrete System with 1 fields
    cell total dim 2 total comp 1
  Field Q1 FEM 1 component  (implicit) (Nq 2 Nqc 1) 1-jet
    PetscFE Object: Q1 1 MPI process
      type: basic
      Basic Finite Element in 1 dimensions with 1 components
      PetscSpace Object: Q1 1 MPI process
        type: poly
        Space in 1 variables with 1 components, size 2
        Polynomial space of degree 1
      PetscDualSpace Object: Q1 1 MPI process
        type: lagrange
        Dual space with 1 components, size 2
        Continuous Lagrange dual space
        Quadrature on a segment of order 3 on 2 points (dim 1)
  Weak Form System with 1 fields
Discrete System with 1 fields
    cell total dim 8 total comp 2
  Field Q1 FEM 2 components (implicit) (Nq 4 Nqc 1) 1-jet
    PetscFE Object: Q1 1 MPI process
      type: basic
      Basic Finite Element in 2 dimensions with 2 components
      PetscSpace Object: Q1 1 MPI process
        type: sum
        Space in 2 variables with 2 components, size 8
        Sum space of 2 concatenated subspaces (all identical)
          PetscSpace Object: sum component (sumcomp_) 1 MPI process
            type: tensor
            Space in 2 variables with 1 components, size 4
            Tensor space of 2 subspaces (all identical)
              PetscSpace Object: sum component tensor component (sumcomp_tensorcomp_) 1 MPI process
                type: poly
                Space in 1 variables with 1 components, size 2
                Polynomial space of degree 1
      PetscDualSpace Object: Q1 1 MPI process
        type: lagrange
        Dual space with 2 components, size 8
        Continuous tensor Lagrange dual space
        Quadrature on a quadrilateral of order 3 on 4 points (dim 2)
  Weak Form System with 1 fields
